Microchip MPLAB XC8 Compiler V2.32

Linker command line:

-W-3 --edf=C:\Program Files\Microchip\xc8\v2.32\pic\dat\en_msgs.txt -cn \
  -h+dist/default/production\123Modified.X.production.sym \
  --cmf=dist/default/production\123Modified.X.production.cmf -z -Q16F877A \
  -oC:\Users\hp\AppData\Local\Temp\xcAs5q8.4 --defsym=__MPLAB_BUILD=1 \
  -Mdist/default/production/123Modified.X.production.map -E1 \
  -ver=XC8 Compiler --acfsm=1493 -ASTACK=0110h-016Fh -pstack=STACK \
  -ACODE=00h-07FFhx4 -ASTRCODE=00h-01FFFh -ASTRING=00h-0FFhx32 \
  -ACONST=00h-0FFhx32 -AENTRY=00h-0FFhx32 -ACOMMON=070h-07Fh \
  -ABANK0=020h-06Fh -ABANK1=0A0h-0EFh -ABANK2=0110h-016Fh \
  -ABANK3=0190h-01EFh -ARAM=020h-06Fh,0A0h-0EFh,0110h-016Fh,0190h-01EFh \
  -AABS1=020h-07Fh,0A0h-0EFh,0110h-016Fh,0190h-01EFh -ASFR0=00h-01Fh \
  -ASFR1=080h-09Fh -ASFR2=0100h-010Fh -ASFR3=0180h-018Fh \
  -ACONFIG=02007h-02007h -DCONFIG=2 -AIDLOC=02000h-02003h -DIDLOC=2 \
  -AEEDATA=00h-0FFh/02100h -peeprom_data=EEDATA -DEEDATA=2 -DCODE=2 \
  -DSTRCODE=2 -DSTRING=2 -DCONST=2 -DENTRY=2 \
  -preset_vec=00h,intentry=04h,init,end_init -ppowerup=CODE -pcinit=CODE \
  -pfunctab=ENTRY -k C:\Users\hp\AppData\Local\Temp\xcAs5q8.o \
  dist/default/production\123Modified.X.production.o 

Object code version is 3.11

Machine type is 16F877A



                Name                               Link     Load   Length Selector   Space Scale
C:\Users\hp\AppData\Local\Temp\xcAs5q8.o
                end_init                             10       10        3        8       0
                reset_vec                             0        0        3        0       0
                config                             2007     2007        1        0       4
dist/default/production\123Modified.X.production.o
                cinit                                13       13       14        8       0
                intentry                              4        4        C        8       0
                config                             2007     2007        1        0       4
                text17                              7AA      7AA       43        8       0
                text16                             178B     178B        D     2F16       0
                text15                              7ED      7ED       10        8       0
                text14                             1773     1773        C     2EE6       0
                text13                             1798     1798       1C     2F30       0
                text12                              8C9      8C9       69     1192       0
                text11                              808      808       5B     1010       0
                text10                               27       27      366        8       0
                text9                               B54      B54      1DD     16A8       0
                text8                              17D7     17D7       29     2FAE       0
                text7                               38D      38D      361        8       0
                text6                               932      932       7C     1264       0
                text5                               6EE      6EE       BC        8       0
                text4                              177F     177F        C     2EFE       0
                text3                              17B4     17B4       23     2F68       0
                text2                               D31      D31      2CF     1A62       0
                text1                               9AE      9AE      1A6     135C       0
                maintext                            863      863       66     10C6       0
                cstackBANK0                          20       20       4F       20       1
                cstackCOMMON                         70       70        6       70       1
                cstackBANK1                          C0       C0       1D       A0       1
                clrtext                             800      800        8     1000       0
                bssBANK1                             A0       A0       20       A0       1
                bssBANK0                             6F       6F        1       20       1
                bssCOMMON                            76       76        4       70       1
                strings                            1000     1000       65     2000       0

TOTAL           Name                               Link     Load   Length     Space
        CLASS   STACK          

        CLASS   CODE           
                end_init                             10       10        3         0
                cinit                                13       13       14         0
                intentry                              4        4        C         0
                reset_vec                             0        0        3         0
                text17                              7AA      7AA       43         0
                text16                             178B     178B        D         0
                text15                              7ED      7ED       10         0
                text14                             1773     1773        C         0
                text13                             1798     1798       1C         0
                text12                              8C9      8C9       69         0
                text11                              808      808       5B         0
                text10                               27       27      366         0
                text9                               B54      B54      1DD         0
                text8                              17D7     17D7       29         0
                text7                               38D      38D      361         0
                text6                               932      932       7C         0
                text5                               6EE      6EE       BC         0
                text4                              177F     177F        C         0
                text3                              17B4     17B4       23         0
                text2                               D31      D31      2CF         0
                text1                               9AE      9AE      1A6         0
                maintext                            863      863       66         0
                clrtext                             800      800        8         0

        CLASS   STRCODE        

        CLASS   STRING         
                strings                            1000     1000       65         0

        CLASS   CONST          

        CLASS   ENTRY          

        CLASS   COMMON         
                cstackCOMMON                         70       70        6         1
                bssCOMMON                            76       76        4         1

        CLASS   BANK0          
                cstackBANK0                          20       20       4F         1
                bssBANK0                             6F       6F        1         1

        CLASS   BANK1          
                cstackBANK1                          C0       C0       1D         1
                bssBANK1                             A0       A0       20         1

        CLASS   BANK2          

        CLASS   BANK3          

        CLASS   RAM            

        CLASS   ABS1           
                abs_s1                               7E       7E        2         1

        CLASS   SFR0           

        CLASS   SFR1           

        CLASS   SFR2           

        CLASS   SFR3           

        CLASS   CONFIG         
                config                             2007     2007        1         4

        CLASS   IDLOC          

        CLASS   EEDATA         



SEGMENTS        Name                           Load    Length   Top    Selector   Space  Class     Delta

                reset_vec                      000000  000003  000003         0       0  CODE        2
                intentry                       000004  0007F9  0007FD         8       0  CODE        2
                cstackBANK0                    000020  000050  000070        20       1  BANK0       1
                cstackCOMMON                   000070  00000A  00007A        70       1  COMMON      1
                bssBANK1                       0000A0  00003D  0000DD        A0       1  BANK1       1
                clrtext                        000800  000008  000808      1000       0  CODE        2
                text11                         000808  00005B  000863      1010       0  CODE        2
                maintext                       000863  000066  0008C9      10C6       0  CODE        2
                text12                         0008C9  000069  000932      1192       0  CODE        2
                text6                          000932  00007C  0009AE      1264       0  CODE        2
                text1                          0009AE  0001A6  000B54      135C       0  CODE        2
                text9                          000B54  0001DD  000D31      16A8       0  CODE        2
                text2                          000D31  0002CF  001000      1A62       0  CODE        2
                strings                        001000  000065  001065      2000       0  STRING      2
                text14                         001773  00000C  00177F      2EE6       0  CODE        2
                text4                          00177F  00000C  00178B      2EFE       0  CODE        2
                text16                         00178B  00000D  001798      2F16       0  CODE        2
                text13                         001798  00001C  0017B4      2F30       0  CODE        2
                text3                          0017B4  000023  0017D7      2F68       0  CODE        2
                text8                          0017D7  000029  001800      2FAE       0  CODE        2


UNUSED ADDRESS RANGES

        Name                Unused          Largest block    Delta
        BANK1            00DD-00EF             13           1
        BANK2            0110-016F             60           1
        BANK3            0190-01EF             60           1
        CODE             0003-0003              1           2
                         07FD-07FF              3
                         1065-1772            70E
                         1800-1FFF            800
        COMMON           007A-007D              4           1
        CONST            0003-0003              1           2
                         07FD-07FF              3
                         1065-1772            100
                         1800-1FFF            100
        EEDATA           2100-21FF            100           2
        ENTRY            0003-0003              1           2
                         07FD-07FF              3
                         1065-1772            100
                         1800-1FFF            100
        IDLOC            2000-2003              4           2
        RAM              00DD-00EF             13           1
                         0110-016F             60
                         0190-01EF             60
        SFR0             0000-001F             20           1
        SFR1             0080-009F             20           1
        SFR2             0100-010F             10           1
        SFR3             0180-018F             10           1
        STACK            0110-016F             60           1
        STRCODE          0003-0003              1           2
                         07FD-07FF              3
                         1065-1772            70E
                         1800-1FFF            800
        STRING           0003-0003              1           2
                         07FD-07FF              3
                         1065-1772            100
                         1800-1FFF            100

                                  Symbol Table

?__Umul8_16              cstackCOMMON 0074
?___awdiv                cstackBANK0  0020
?___awmod                cstackBANK0  0028
?___fladd                cstackBANK0  0062
?___fldiv                cstackBANK0  0048
?___flmul                cstackBANK0  002E
?___fltol                cstackBANK1  00C8
?___xxtofl               cstackBANK0  0020
_A1                      bssBANK1     00A8
_A2                      bssBANK1     00A6
_A3                      bssBANK1     00A4
_GIE                     (abs)        005F
_OPTION_REG              (abs)        0081
_PEIE                    (abs)        005E
_PORTD                   (abs)        0008
_RB1                     (abs)        0031
_RB2                     (abs)        0032
_RC0                     (abs)        0038
_RC1                     (abs)        0039
_RC4                     (abs)        003C
_T1CON                   (abs)        0010
_TMR0                    (abs)        0001
_TMR0IE                  (abs)        005D
_TMR0IF                  (abs)        005A
_TMR1H                   (abs)        000F
_TMR1L                   (abs)        000E
_TMR1ON                  (abs)        0080
_TRISB1                  (abs)        0431
_TRISB2                  (abs)        0432
_TRISC0                  (abs)        0438
_TRISC1                  (abs)        0439
_TRISC4                  (abs)        043C
_TRISD                   (abs)        0088
__Habs1                  abs1         0000
__Hbank0                 bank0        0000
__Hbank1                 bank1        0000
__Hbank2                 bank2        0000
__Hbank3                 bank3        0000
__HbssBANK0              bssBANK0     0000
__HbssBANK1              bssBANK1     0000
__HbssCOMMON             bssCOMMON    0000
__Hcinit                 cinit        0027
__Hclrtext               clrtext      0000
__Hcode                  code         0000
__Hcommon                common       0000
__Hconfig                config       2008
__HcstackBANK0           cstackBANK0  0000
__HcstackBANK1           cstackBANK1  0000
__HcstackCOMMON          cstackCOMMON 0000
__Heeprom_data           eeprom_data  0000
__Hend_init              end_init     0013
__Hfunctab               functab      0000
__Hinit                  init         0010
__Hintentry              intentry     0010
__Hmaintext              maintext     0000
__Hpowerup               powerup      0000
__Hram                   ram          0000
__Hreset_vec             reset_vec    0003
__Hsfr0                  sfr0         0000
__Hsfr1                  sfr1         0000
__Hsfr2                  sfr2         0000
__Hsfr3                  sfr3         0000
__Hspace_0               (abs)        1800
__Hspace_1               (abs)        00DD
__Hspace_2               (abs)        0000
__Hspace_3               (abs)        0000
__Hspace_4               (abs)        400F
__Hstack                 stack        0000
__Hstrings               strings      0000
__Htext                  text         0000
__Labs1                  abs1         0000
__Lbank0                 bank0        0000
__Lbank1                 bank1        0000
__Lbank2                 bank2        0000
__Lbank3                 bank3        0000
__LbssBANK0              bssBANK0     0000
__LbssBANK1              bssBANK1     0000
__LbssCOMMON             bssCOMMON    0000
__Lcinit                 cinit        0013
__Lclrtext               clrtext      0000
__Lcode                  code         0000
__Lcommon                common       0000
__Lconfig                config       0000
__LcstackBANK0           cstackBANK0  0000
__LcstackBANK1           cstackBANK1  0000
__LcstackCOMMON          cstackCOMMON 0000
__Leeprom_data           eeprom_data  0000
__Lend_init              end_init     0010
__Lfunctab               functab      0000
__Linit                  init         0010
__Lintentry              intentry     0004
__Lmaintext              maintext     0000
__Lpowerup               powerup      0000
__Lram                   ram          0000
__Lreset_vec             reset_vec    0000
__Lsfr0                  sfr0         0000
__Lsfr1                  sfr1         0000
__Lsfr2                  sfr2         0000
__Lsfr3                  sfr3         0000
__Lspace_0               (abs)        0000
__Lspace_1               (abs)        0000
__Lspace_2               (abs)        0000
__Lspace_3               (abs)        0000
__Lspace_4               (abs)        0000
__Lstack                 stack        0000
__Lstrings               strings      0000
__Ltext                  text         0000
__S0                     (abs)        1800
__S1                     (abs)        00DD
__S2                     (abs)        0000
__S3                     (abs)        0000
__Umul8_16               text8        17D7
__Umul8_16@multiplicand  cstackCOMMON 0074
__Umul8_16@multiplier    cstackBANK0  0026
__Umul8_16@product       cstackBANK0  0022
__Umul8_16@word_mpld     cstackBANK0  0024
___awdiv                 text12       08C9
___awdiv@counter         cstackBANK0  0024
___awdiv@dividend        cstackBANK0  0022
___awdiv@divisor         cstackBANK0  0020
___awdiv@quotient        cstackBANK0  0026
___awdiv@sign            cstackBANK0  0025
___awmod                 text11       0808
___awmod@counter         cstackBANK0  002C
___awmod@dividend        cstackBANK0  002A
___awmod@divisor         cstackBANK0  0028
___awmod@sign            cstackBANK0  002D
___fladd                 text10       0027
___fladd@a               cstackBANK0  0066
___fladd@aexp            cstackBANK0  006B
___fladd@b               cstackBANK0  0062
___fladd@bexp            cstackBANK0  006C
___fladd@grs             cstackBANK0  006D
___fladd@signs           cstackBANK0  006A
___fldiv                 text9        0B54
___fldiv@a               cstackBANK0  0048
___fldiv@aexp            cstackBANK0  0061
___fldiv@b               cstackBANK0  004C
___fldiv@bexp            cstackBANK0  0060
___fldiv@grs             cstackBANK0  005C
___fldiv@new_exp         cstackBANK0  005A
___fldiv@rem             cstackBANK0  0055
___fldiv@sign            cstackBANK0  0059
___flmul                 text7        038D
___flmul@a               cstackBANK0  0032
___flmul@aexp            cstackBANK0  003C
___flmul@b               cstackBANK0  002E
___flmul@bexp            cstackBANK0  0041
___flmul@grs             cstackBANK0  003D
___flmul@prod            cstackBANK0  0042
___flmul@sign            cstackBANK0  003B
___flmul@temp            cstackBANK0  0046
___fltol                 text6        0932
___fltol@exp1            cstackBANK1  00D2
___fltol@f1              cstackBANK1  00C8
___fltol@sign1           cstackBANK1  00D1
___int_sp                stack        0000
___latbits               (abs)        0002
___sp                    stack        0000
___stackhi               (abs)        0000
___stacklo               (abs)        0000
___xxtofl                text5        06EE
___xxtofl@arg            cstackBANK0  002A
___xxtofl@exp            cstackBANK0  0029
___xxtofl@sign           cstackBANK0  0028
___xxtofl@val            cstackBANK0  0020
__end_of__Umul8_16       text8        1800
__end_of___awdiv         text12       0932
__end_of___awmod         text11       0863
__end_of___fladd         text10       038D
__end_of___fldiv         text9        0D31
__end_of___flmul         text7        06EE
__end_of___fltol         text6        09AE
__end_of___xxtofl        text5        07AA
__end_of__initialization cinit        0023
__end_of__stringtab      strings      1006
__end_of_dista_cal       text2        1000
__end_of_intial_inter    text16       1798
__end_of_lcdcmd          text14       177F
__end_of_lcddat          text4        178B
__end_of_lcdinit         text13       17B4
__end_of_lcdstring       text3        17D7
__end_of_main            maintext     08C9
__end_of_pulse           text15       07FD
__end_of_servo           text1        0B54
__end_of_timer_isr       text17       07ED
__initialization         cinit        0013
__pbssBANK0              bssBANK0     006F
__pbssBANK1              bssBANK1     00A0
__pbssCOMMON             bssCOMMON    0076
__pcstackBANK0           cstackBANK0  0020
__pcstackBANK1           cstackBANK1  00C0
__pcstackCOMMON          cstackCOMMON 0070
__pintentry              intentry     0004
__pmaintext              maintext     0863
__pstrings               strings      1000
__ptext1                 text1        09AE
__ptext10                text10       0027
__ptext11                text11       0808
__ptext12                text12       08C9
__ptext13                text13       1798
__ptext14                text14       1773
__ptext15                text15       07ED
__ptext16                text16       178B
__ptext17                text17       07AA
__ptext2                 text2        0D31
__ptext3                 text3        17B4
__ptext4                 text4        177F
__ptext5                 text5        06EE
__ptext6                 text6        0932
__ptext7                 text7        038D
__ptext8                 text8        17D7
__ptext9                 text9        0B54
__size_of__Umul8_16      (abs)        0000
__size_of___awdiv        (abs)        0000
__size_of___awmod        (abs)        0000
__size_of___fladd        (abs)        0000
__size_of___fldiv        (abs)        0000
__size_of___flmul        (abs)        0000
__size_of___fltol        (abs)        0000
__size_of___xxtofl       (abs)        0000
__size_of_dista_cal      (abs)        0000
__size_of_intial_inter   (abs)        0000
__size_of_lcdcmd         (abs)        0000
__size_of_lcddat         (abs)        0000
__size_of_lcdinit        (abs)        0000
__size_of_lcdstring      (abs)        0000
__size_of_main           (abs)        0000
__size_of_pulse          (abs)        0000
__size_of_servo          (abs)        0000
__size_of_timer_isr      (abs)        0000
__stringbase             strings      1005
__stringtab              strings      1000
_angle                   bssBANK1     00AC
_count                   bssBANK1     00B6
_d1                      bssBANK1     00BC
_d2                      bssBANK1     00BB
_d3                      bssBANK1     00BA
_dista_cal               text2        0D31
_distance                bssBANK1     00A0
_f                       bssBANK1     00BD
_i                       bssBANK1     00AA
_intial_inter            text16       178B
_lcdcmd                  text14       1773
_lcddat                  text4        177F
_lcdinit                 text13       1798
_lcdstring               text3        17B4
_main                    maintext     0863
_on_time                 bssBANK1     00B8
_pot_value               bssBANK1     00B4
_pulse                   text15       07ED
_servo                   text1        09AE
_time_taken              bssBANK1     00BE
_timer_isr               text17       07AA
btemp                    (abs)        007E
clear_ram0               clrtext      0800
dista_cal@n              cstackBANK1  00D6
dista_cal@p              cstackBANK1  00D8
end_of_initialization    cinit        0023
interrupt_function       intentry     0004
intlevel0                functab      0000
intlevel1                functab      0000
intlevel2                functab      0000
intlevel3                functab      0000
intlevel4                functab      0000
intlevel5                functab      0000
lcdcmd@cmd               cstackBANK0  0020
lcddat@cmd               cstackBANK0  0020
lcdstring@s              cstackBANK0  0022
reset_vec                reset_vec    0000
saved_w                  (abs)        007E
start                    init         0010
start_initialization     cinit        0013
wtemp0                   (abs)        007E


MODULE INFORMATION

Module		Function		Class		Link	Load	Size
C:\Program Files\Microchip\xc8\v2.32\pic\sources\c90\common\sprcadd.c
		___fladd       		CODE           	0027	0000	870

C:\Program Files\Microchip\xc8\v2.32\pic\sources\c90\common\sprcadd.c estimated size: 870

C:\Program Files\Microchip\xc8\v2.32\pic\sources\c90\common\xxtofl.c
		___xxtofl      		CODE           	06EE	0000	188

C:\Program Files\Microchip\xc8\v2.32\pic\sources\c90\common\xxtofl.c estimated size: 188

C:\Program Files\Microchip\xc8\v2.32\pic\sources\c90\common\Umul8_16.c
		__Umul8_16     		CODE           	17D7	0000	41

C:\Program Files\Microchip\xc8\v2.32\pic\sources\c90\common\Umul8_16.c estimated size: 41

C:\Program Files\Microchip\xc8\v2.32\pic\sources\c90\common\awmod.c
		___awmod       		CODE           	0808	0000	91

C:\Program Files\Microchip\xc8\v2.32\pic\sources\c90\common\awmod.c estimated size: 91

shared
		__stringtab    		STRING         	1000	0000	6
		__initialization		CODE           	0013	0000	16

shared estimated size: 22

C:\Program Files\Microchip\xc8\v2.32\pic\sources\c90\common\sprcmul.c
		___flmul       		CODE           	038D	0000	865

C:\Program Files\Microchip\xc8\v2.32\pic\sources\c90\common\sprcmul.c estimated size: 865

C:\Program Files\Microchip\xc8\v2.32\pic\sources\c90\common\sprcdiv.c
		___fldiv       		CODE           	0B54	0000	477

C:\Program Files\Microchip\xc8\v2.32\pic\sources\c90\common\sprcdiv.c estimated size: 477

123mod.c
		_main          		CODE           	0863	0000	102
		_lcdcmd        		CODE           	1773	0000	12
		_timer_isr     		CODE           	07AA	0000	67
		_lcdinit       		CODE           	1798	0000	28
		_servo         		CODE           	09AE	0000	422
		_pulse         		CODE           	07ED	0000	16
		_dista_cal     		CODE           	0D31	0000	719
		_lcddat        		CODE           	177F	0000	12
		_intial_inter  		CODE           	178B	0000	13
		_lcdstring     		CODE           	17B4	0000	35

123mod.c estimated size: 1426

C:\Program Files\Microchip\xc8\v2.32\pic\sources\c90\common\awdiv.c
		___awdiv       		CODE           	08C9	0000	105

C:\Program Files\Microchip\xc8\v2.32\pic\sources\c90\common\awdiv.c estimated size: 105

C:\Program Files\Microchip\xc8\v2.32\pic\sources\c90\common\fltol.c
		___fltol       		CODE           	0932	0000	124

C:\Program Files\Microchip\xc8\v2.32\pic\sources\c90\common\fltol.c estimated size: 124

